"","Rank1","Rank2","Rank3","Rank4","Rank5","Rank6","Rank7"
"OTU1","Unassigned","Unassigned_unclassified","Unassigned_unclassified","Unassigned_unclassified","Unassigned_unclassified","Unassigned_unclassified","Unassigned_unclassified"
"OTU2","Archaea","Euryarchaeota","Methanobacteria","Methanobacteriales","Methanobacteriaceae","Methanobrevibacter","Methanobrevibacter_unclassified"
"OTU3","Archaea","Euryarchaeota","Methanobacteria","Methanobacteriales","Methanobacteriaceae","Methanosphaera","Methanosphaera_unclassified"
"OTU4","Archaea","Euryarchaeota","Thermoplasmata","E2","Methanomassiliicoccaceae","vadinCA11","vadinCA11_unclassified"
"OTU5","Bacteria","Acidobacteria","Acidobacteria-6","iii1-15","iii1-15_unclassified","iii1-15_unclassified","iii1-15_unclassified"
"OTU6","Bacteria","Actinobacteria","Actinobacteria","Actinomycetales","Actinomycetaceae","Actinomyces","Actinomyces_unclassified"
"OTU7","Bacteria","Actinobacteria","Actinobacteria","Actinomycetales","Actinomycetaceae","Mobiluncus","Mobiluncus_unclassified"
"OTU8","Bacteria","Actinobacteria","Actinobacteria","Actinomycetales","Cellulomonadaceae","Actinotalea","Actinotalea_unclassified"
"OTU9","Bacteria","Actinobacteria","Actinobacteria","Actinomycetales","Corynebacteriaceae","Corynebacterium","Corynebacterium_unclassified"
"OTU10","Bacteria","Actinobacteria","Actinobacteria","Actinomycetales","Dermabacteraceae","Brachybacterium","Brachybacterium_unclassified"
"OTU11","Bacteria","Actinobacteria","Actinobacteria","Actinomycetales","Micrococcaceae","Microbispora","rosea"
"OTU12","Bacteria","Actinobacteria","Actinobacteria","Actinomycetales","Micrococcaceae","Micrococcus","Micrococcus_unclassified"
"OTU13","Bacteria","Actinobacteria","Actinobacteria","Actinomycetales","Micrococcaceae","Rothia","mucilaginosa"
"OTU14","Bacteria","Actinobacteria","Actinobacteria","Actinomycetales","Mycobacteriaceae","Mycobacterium","Mycobacterium_unclassified"
"OTU15","Bacteria","Actinobacteria","Actinobacteria","Actinomycetales","Propionibacteriaceae","Propionibacterium","acnes"
"OTU16","Bacteria","Actinobacteria","Actinobacteria","Bifidobacteriales","Bifidobacteriaceae","Bifidobacterium","Bifidobacterium_unclassified"
"OTU17","Bacteria","Actinobacteria","Actinobacteria","Bifidobacteriales","Bifidobacteriaceae","Bifidobacterium","Bifidobacterium_unclassified"
"OTU18","Bacteria","Actinobacteria","Actinobacteria","Bifidobacteriales","Bifidobacteriaceae","Bifidobacterium","adolescentis"
"OTU19","Bacteria","Actinobacteria","Actinobacteria","Bifidobacteriales","Bifidobacteriaceae","Bifidobacterium","longum"
"OTU20","Bacteria","Actinobacteria","Coriobacteriia","Coriobacteriales","Coriobacteriaceae","Coriobacteriaceae_unclassified","Coriobacteriaceae_unclassified"
"OTU21","Bacteria","Actinobacteria","Coriobacteriia","Coriobacteriales","Coriobacteriaceae","Adlercreutzia","Adlercreutzia_unclassified"
"OTU22","Bacteria","Actinobacteria","Coriobacteriia","Coriobacteriales","Coriobacteriaceae","Collinsella","Collinsella_unclassified"
"OTU23","Bacteria","Actinobacteria","Coriobacteriia","Coriobacteriales","Coriobacteriaceae","Collinsella","aerofaciens"
"OTU24","Bacteria","Actinobacteria","Coriobacteriia","Coriobacteriales","Coriobacteriaceae","Collinsella","stercoris"
"OTU25","Bacteria","Actinobacteria","Coriobacteriia","Coriobacteriales","Coriobacteriaceae","Eggerthella","Eggerthella_unclassified"
"OTU26","Bacteria","Actinobacteria","Coriobacteriia","Coriobacteriales","Coriobacteriaceae","Eggerthella","lenta"
"OTU27","Bacteria","Actinobacteria","Coriobacteriia","Coriobacteriales","Coriobacteriaceae","Slackia","Slackia_unclassified"
"OTU28","Bacteria","Bacteroidetes","Bacteroidia","Bacteroidales","Bacteroidales_unclassified","Bacteroidales_unclassified","Bacteroidales_unclassified"
"OTU29","Bacteria","Bacteroidetes","Bacteroidia","Bacteroidales","Bacteroidaceae","Bacteroides","Bacteroides_unclassified"
"OTU30","Bacteria","Bacteroidetes","Bacteroidia","Bacteroidales","Bacteroidaceae","Bacteroides","Bacteroides_unclassified"
"OTU31","Bacteria","Bacteroidetes","Bacteroidia","Bacteroidales","Bacteroidaceae","Bacteroides","caccae"
"OTU32","Bacteria","Bacteroidetes","Bacteroidia","Bacteroidales","Bacteroidaceae","Bacteroides","coprophilus"
"OTU33","Bacteria","Bacteroidetes","Bacteroidia","Bacteroidales","Bacteroidaceae","Bacteroides","eggerthii"
"OTU34","Bacteria","Bacteroidetes","Bacteroidia","Bacteroidales","Bacteroidaceae","Bacteroides","fragilis"
"OTU35","Bacteria","Bacteroidetes","Bacteroidia","Bacteroidales","Bacteroidaceae","Bacteroides","ovatus"
"OTU36","Bacteria","Bacteroidetes","Bacteroidia","Bacteroidales","Bacteroidaceae","Bacteroides","plebeius"
"OTU37","Bacteria","Bacteroidetes","Bacteroidia","Bacteroidales","Bacteroidaceae","Bacteroides","uniformis"
"OTU38","Bacteria","Bacteroidetes","Bacteroidia","Bacteroidales","Porphyromonadaceae","Parabacteroides","Parabacteroides_unclassified"
"OTU39","Bacteria","Bacteroidetes","Bacteroidia","Bacteroidales","Porphyromonadaceae","Parabacteroides","distasonis"
"OTU40","Bacteria","Bacteroidetes","Bacteroidia","Bacteroidales","Porphyromonadaceae","Porphyromonas","Porphyromonas_unclassified"
"OTU41","Bacteria","Bacteroidetes","Bacteroidia","Bacteroidales","Porphyromonadaceae","Porphyromonas","endodontalis"
"OTU42","Bacteria","Bacteroidetes","Bacteroidia","Bacteroidales","Prevotellaceae","Prevotella","Prevotella_unclassified"
"OTU43","Bacteria","Bacteroidetes","Bacteroidia","Bacteroidales","Prevotellaceae","Prevotella","copri"
"OTU44","Bacteria","Bacteroidetes","Bacteroidia","Bacteroidales","Prevotellaceae","Prevotella","stercorea"
"OTU45","Bacteria","Bacteroidetes","Bacteroidia","Bacteroidales","Rikenellaceae","Rikenellaceae_unclassified","Rikenellaceae_unclassified"
"OTU46","Bacteria","Bacteroidetes","Bacteroidia","Bacteroidales","S24-7","S24-7_unclassified","S24-7_unclassified"
"OTU47","Bacteria","Bacteroidetes","Bacteroidia","Bacteroidales","Barnesiellaceae","Barnesiellaceae_unclassified","Barnesiellaceae_unclassified"
"OTU48","Bacteria","Bacteroidetes","Bacteroidia","Bacteroidales","Odoribacteraceae","Butyricimonas","Butyricimonas_unclassified"
"OTU49","Bacteria","Bacteroidetes","Bacteroidia","Bacteroidales","Odoribacteraceae","Odoribacter","Odoribacter_unclassified"
"OTU50","Bacteria","Bacteroidetes","Bacteroidia","Bacteroidales","Paraprevotellaceae","Paraprevotellaceae_unclassified","Paraprevotellaceae_unclassified"
"OTU51","Bacteria","Bacteroidetes","Bacteroidia","Bacteroidales","Paraprevotellaceae","Paraprevotella","Paraprevotella_unclassified"
"OTU52","Bacteria","Bacteroidetes","Bacteroidia","Bacteroidales","Paraprevotellaceae","Prevotella","Prevotella_unclassified"
"OTU53","Bacteria","Cyanobacteria","4C0d-2","YS2","YS2_unclassified","YS2_unclassified","YS2_unclassified"
"OTU54","Bacteria","Cyanobacteria","Chloroplast","Streptophyta","Streptophyta_unclassified","Streptophyta_unclassified","Streptophyta_unclassified"
"OTU55","Bacteria","Elusimicrobia","Elusimicrobia","Elusimicrobiales","Elusimicrobiaceae","Elusimicrobiaceae_unclassified","Elusimicrobiaceae_unclassified"
"OTU56","Bacteria","Firmicutes","Bacilli","Bacillales","Bacillaceae","Bacillus","Bacillus_unclassified"
"OTU57","Bacteria","Firmicutes","Bacilli","Bacillales","Listeriaceae","Listeriaceae_unclassified","Listeriaceae_unclassified"
"OTU58","Bacteria","Firmicutes","Bacilli","Bacillales","Staphylococcaceae","Staphylococcus","Staphylococcus_unclassified"
"OTU59","Bacteria","Firmicutes","Bacilli","Bacillales","Staphylococcaceae","Staphylococcus","aureus"
"OTU60","Bacteria","Firmicutes","Bacilli","Lactobacillales","Lactobacillales_unclassified","Lactobacillales_unclassified","Lactobacillales_unclassified"
"OTU61","Bacteria","Firmicutes","Bacilli","Lactobacillales","Lactobacillales_unclassified","Lactobacillales_unclassified","Lactobacillales_unclassified"
"OTU62","Bacteria","Firmicutes","Bacilli","Lactobacillales","Aerococcaceae","Aerococcus","Aerococcus_unclassified"
"OTU63","Bacteria","Firmicutes","Bacilli","Lactobacillales","Carnobacteriaceae","Granulicatella","Granulicatella_unclassified"
"OTU64","Bacteria","Firmicutes","Bacilli","Lactobacillales","Enterococcaceae","Enterococcaceae_unclassified","Enterococcaceae_unclassified"
"OTU65","Bacteria","Firmicutes","Bacilli","Lactobacillales","Enterococcaceae","Enterococcus","Enterococcus_unclassified"
"OTU66","Bacteria","Firmicutes","Bacilli","Lactobacillales","Lactobacillaceae","Lactobacillus","Lactobacillus_unclassified"
"OTU67","Bacteria","Firmicutes","Bacilli","Lactobacillales","Lactobacillaceae","Lactobacillus","Lactobacillus_unclassified"
"OTU68","Bacteria","Firmicutes","Bacilli","Lactobacillales","Lactobacillaceae","Lactobacillus","iners"
"OTU69","Bacteria","Firmicutes","Bacilli","Lactobacillales","Lactobacillaceae","Lactobacillus","ruminis"
"OTU70","Bacteria","Firmicutes","Bacilli","Lactobacillales","Lactobacillaceae","Lactobacillus","zeae"
"OTU71","Bacteria","Firmicutes","Bacilli","Lactobacillales","Lactobacillaceae","Pediococcus","Pediococcus_unclassified"
"OTU72","Bacteria","Firmicutes","Bacilli","Lactobacillales","Leuconostocaceae","Leuconostocaceae_unclassified","Leuconostocaceae_unclassified"
"OTU73","Bacteria","Firmicutes","Bacilli","Lactobacillales","Leuconostocaceae","Leuconostoc","Leuconostoc_unclassified"
"OTU74","Bacteria","Firmicutes","Bacilli","Lactobacillales","Streptococcaceae","Lactococcus","Lactococcus_unclassified"
"OTU75","Bacteria","Firmicutes","Bacilli","Lactobacillales","Streptococcaceae","Streptococcus","Streptococcus_unclassified"
"OTU76","Bacteria","Firmicutes","Bacilli","Lactobacillales","Streptococcaceae","Streptococcus","anginosus"
"OTU77","Bacteria","Firmicutes","Bacilli","Turicibacterales","Turicibacteraceae","Turicibacter","Turicibacter_unclassified"
"OTU78","Bacteria","Firmicutes","Clostridia","Clostridiales","Clostridiales_unclassified","Clostridiales_unclassified","Clostridiales_unclassified"
"OTU79","Bacteria","Firmicutes","Clostridia","Clostridiales","Clostridiales_unclassified","Clostridiales_unclassified","Clostridiales_unclassified"
"OTU80","Bacteria","Firmicutes","Clostridia","Clostridiales","Christensenellaceae","Christensenellaceae_unclassified","Christensenellaceae_unclassified"
"OTU81","Bacteria","Firmicutes","Clostridia","Clostridiales","Christensenellaceae","Christensenella","Christensenella_unclassified"
"OTU82","Bacteria","Firmicutes","Clostridia","Clostridiales","Clostridiaceae","Clostridiaceae_unclassified","Clostridiaceae_unclassified"
"OTU83","Bacteria","Firmicutes","Clostridia","Clostridiales","Clostridiaceae","Clostridiaceae_unclassified","Clostridiaceae_unclassified"
"OTU84","Bacteria","Firmicutes","Clostridia","Clostridiales","Clostridiaceae","Clostridium","Clostridium_unclassified"
"OTU85","Bacteria","Firmicutes","Clostridia","Clostridiales","Clostridiaceae","Clostridium","Clostridium_unclassified"
"OTU86","Bacteria","Firmicutes","Clostridia","Clostridiales","Clostridiaceae","SMB53","SMB53_unclassified"
"OTU87","Bacteria","Firmicutes","Clostridia","Clostridiales","Dehalobacteriaceae","Dehalobacterium","Dehalobacterium_unclassified"
"OTU88","Bacteria","Firmicutes","Clostridia","Clostridiales","EtOH8","EtOH8_unclassified","EtOH8_unclassified"
"OTU89","Bacteria","Firmicutes","Clostridia","Clostridiales","Eubacteriaceae","Anaerofustis","Anaerofustis_unclassified"
"OTU90","Bacteria","Firmicutes","Clostridia","Clostridiales","Eubacteriaceae","Pseudoramibacter_Eubacterium","Pseudoramibacter_Eubacterium_unclassified"
"OTU91","Bacteria","Firmicutes","Clostridia","Clostridiales","Lachnospiraceae","Lachnospiraceae_unclassified","Lachnospiraceae_unclassified"
"OTU92","Bacteria","Firmicutes","Clostridia","Clostridiales","Lachnospiraceae","Lachnospiraceae_unclassified","Lachnospiraceae_unclassified"
"OTU93","Bacteria","Firmicutes","Clostridia","Clostridiales","Lachnospiraceae","Anaerostipes","Anaerostipes_unclassified"
"OTU94","Bacteria","Firmicutes","Clostridia","Clostridiales","Lachnospiraceae","Blautia","Blautia_unclassified"
"OTU95","Bacteria","Firmicutes","Clostridia","Clostridiales","Lachnospiraceae","Blautia","Blautia_unclassified"
"OTU96","Bacteria","Firmicutes","Clostridia","Clostridiales","Lachnospiraceae","Blautia","obeum"
"OTU97","Bacteria","Firmicutes","Clostridia","Clostridiales","Lachnospiraceae","Blautia","producta"
"OTU98","Bacteria","Firmicutes","Clostridia","Clostridiales","Lachnospiraceae","Butyrivibrio","Butyrivibrio_unclassified"
"OTU99","Bacteria","Firmicutes","Clostridia","Clostridiales","Lachnospiraceae","Coprococcus","Coprococcus_unclassified"
"OTU100","Bacteria","Firmicutes","Clostridia","Clostridiales","Lachnospiraceae","Coprococcus","Coprococcus_unclassified"
"OTU101","Bacteria","Firmicutes","Clostridia","Clostridiales","Lachnospiraceae","Coprococcus","eutactus"
"OTU102","Bacteria","Firmicutes","Clostridia","Clostridiales","Lachnospiraceae","Dorea","Dorea_unclassified"
"OTU103","Bacteria","Firmicutes","Clostridia","Clostridiales","Lachnospiraceae","Dorea","Dorea_unclassified"
"OTU104","Bacteria","Firmicutes","Clostridia","Clostridiales","Lachnospiraceae","Lachnobacterium","Lachnobacterium_unclassified"
"OTU105","Bacteria","Firmicutes","Clostridia","Clostridiales","Lachnospiraceae","Lachnospira","Lachnospira_unclassified"
"OTU106","Bacteria","Firmicutes","Clostridia","Clostridiales","Lachnospiraceae","Roseburia","Roseburia_unclassified"
"OTU107","Bacteria","Firmicutes","Clostridia","Clostridiales","Lachnospiraceae","Roseburia","Roseburia_unclassified"
"OTU108","Bacteria","Firmicutes","Clostridia","Clostridiales","Lachnospiraceae","Roseburia","faecis"
"OTU109","Bacteria","Firmicutes","Clostridia","Clostridiales","Lachnospiraceae","Ruminococcus","Ruminococcus_unclassified"
"OTU110","Bacteria","Firmicutes","Clostridia","Clostridiales","Lachnospiraceae","Ruminococcus","Ruminococcus_unclassified"
"OTU111","Bacteria","Firmicutes","Clostridia","Clostridiales","Lachnospiraceae","Ruminococcus","gnavus"
"OTU112","Bacteria","Firmicutes","Clostridia","Clostridiales","Lachnospiraceae","Ruminococcus","torques"
"OTU113","Bacteria","Firmicutes","Clostridia","Clostridiales","Peptococcaceae","Peptococcaceae_unclassified","Peptococcaceae_unclassified"
"OTU114","Bacteria","Firmicutes","Clostridia","Clostridiales","Peptococcaceae","Peptococcus","Peptococcus_unclassified"
"OTU115","Bacteria","Firmicutes","Clostridia","Clostridiales","Peptococcaceae","rc4-4","rc4-4_unclassified"
"OTU116","Bacteria","Firmicutes","Clostridia","Clostridiales","Peptostreptococcaceae","Peptostreptococcaceae_unclassified","Peptostreptococcaceae_unclassified"
"OTU117","Bacteria","Firmicutes","Clostridia","Clostridiales","Peptostreptococcaceae","Peptostreptococcus","Peptostreptococcus_unclassified"
"OTU118","Bacteria","Firmicutes","Clostridia","Clostridiales","Ruminococcaceae","Ruminococcaceae_unclassified","Ruminococcaceae_unclassified"
"OTU119","Bacteria","Firmicutes","Clostridia","Clostridiales","Ruminococcaceae","Ruminococcaceae_unclassified","Ruminococcaceae_unclassified"
"OTU120","Bacteria","Firmicutes","Clostridia","Clostridiales","Ruminococcaceae","Anaerotruncus","Anaerotruncus_unclassified"
"OTU121","Bacteria","Firmicutes","Clostridia","Clostridiales","Ruminococcaceae","Faecalibacterium","prausnitzii"
"OTU122","Bacteria","Firmicutes","Clostridia","Clostridiales","Ruminococcaceae","Oscillospira","Oscillospira_unclassified"
"OTU123","Bacteria","Firmicutes","Clostridia","Clostridiales","Ruminococcaceae","Ruminococcus","Ruminococcus_unclassified"
"OTU124","Bacteria","Firmicutes","Clostridia","Clostridiales","Ruminococcaceae","Ruminococcus","Ruminococcus_unclassified"
"OTU125","Bacteria","Firmicutes","Clostridia","Clostridiales","Ruminococcaceae","Ruminococcus","bromii"
"OTU126","Bacteria","Firmicutes","Clostridia","Clostridiales","Ruminococcaceae","Ruminococcus","flavefaciens"
"OTU127","Bacteria","Firmicutes","Clostridia","Clostridiales","Veillonellaceae","Veillonellaceae_unclassified","Veillonellaceae_unclassified"
"OTU128","Bacteria","Firmicutes","Clostridia","Clostridiales","Veillonellaceae","Acidaminococcus","Acidaminococcus_unclassified"
"OTU129","Bacteria","Firmicutes","Clostridia","Clostridiales","Veillonellaceae","Anaerovibrio","Anaerovibrio_unclassified"
"OTU130","Bacteria","Firmicutes","Clostridia","Clostridiales","Veillonellaceae","Dialister","Dialister_unclassified"
"OTU131","Bacteria","Firmicutes","Clostridia","Clostridiales","Veillonellaceae","Megamonas","Megamonas_unclassified"
"OTU132","Bacteria","Firmicutes","Clostridia","Clostridiales","Veillonellaceae","Megasphaera","Megasphaera_unclassified"
"OTU133","Bacteria","Firmicutes","Clostridia","Clostridiales","Veillonellaceae","Mitsuokella","Mitsuokella_unclassified"
"OTU134","Bacteria","Firmicutes","Clostridia","Clostridiales","Veillonellaceae","Phascolarctobacterium","Phascolarctobacterium_unclassified"
"OTU135","Bacteria","Firmicutes","Clostridia","Clostridiales","Veillonellaceae","Veillonella","Veillonella_unclassified"
"OTU136","Bacteria","Firmicutes","Clostridia","Clostridiales","Veillonellaceae","Veillonella","dispar"
"OTU137","Bacteria","Firmicutes","Clostridia","Clostridiales","Mogibacteriaceae","Mogibacteriaceae_unclassified","Mogibacteriaceae_unclassified"
"OTU138","Bacteria","Firmicutes","Clostridia","Clostridiales","Mogibacteriaceae","Mogibacterium","Mogibacterium_unclassified"
"OTU139","Bacteria","Firmicutes","Clostridia","Clostridiales","Tissierellaceae","1-68","1-68_unclassified"
"OTU140","Bacteria","Firmicutes","Clostridia","Clostridiales","Tissierellaceae","Anaerococcus","Anaerococcus_unclassified"
"OTU141","Bacteria","Firmicutes","Clostridia","Clostridiales","Tissierellaceae","Finegoldia","Finegoldia_unclassified"
"OTU142","Bacteria","Firmicutes","Clostridia","Clostridiales","Tissierellaceae","Parvimonas","Parvimonas_unclassified"
"OTU143","Bacteria","Firmicutes","Clostridia","Clostridiales","Tissierellaceae","Peptoniphilus","Peptoniphilus_unclassified"
"OTU144","Bacteria","Firmicutes","Clostridia","Clostridiales","Tissierellaceae","WAL_1855D","WAL_1855D_unclassified"
"OTU145","Bacteria","Firmicutes","Clostridia","SHA-98","SHA-98_unclassified","SHA-98_unclassified","SHA-98_unclassified"
"OTU146","Bacteria","Firmicutes","Erysipelotrichi","Erysipelotrichales","Erysipelotrichaceae","Erysipelotrichaceae_unclassified","Erysipelotrichaceae_unclassified"
"OTU147","Bacteria","Firmicutes","Erysipelotrichi","Erysipelotrichales","Erysipelotrichaceae","Erysipelotrichaceae_unclassified","Erysipelotrichaceae_unclassified"
"OTU148","Bacteria","Firmicutes","Erysipelotrichi","Erysipelotrichales","Erysipelotrichaceae","Bulleidia","Bulleidia_unclassified"
"OTU149","Bacteria","Firmicutes","Erysipelotrichi","Erysipelotrichales","Erysipelotrichaceae","Bulleidia","p-1630-c5"
"OTU150","Bacteria","Firmicutes","Erysipelotrichi","Erysipelotrichales","Erysipelotrichaceae","Catenibacterium","Catenibacterium_unclassified"
"OTU151","Bacteria","Firmicutes","Erysipelotrichi","Erysipelotrichales","Erysipelotrichaceae","Coprobacillus","Coprobacillus_unclassified"
"OTU152","Bacteria","Firmicutes","Erysipelotrichi","Erysipelotrichales","Erysipelotrichaceae","RFN20","RFN20_unclassified"
"OTU153","Bacteria","Firmicutes","Erysipelotrichi","Erysipelotrichales","Erysipelotrichaceae","Eubacterium","Eubacterium_unclassified"
"OTU154","Bacteria","Firmicutes","Erysipelotrichi","Erysipelotrichales","Erysipelotrichaceae","Eubacterium","Eubacterium_unclassified"
"OTU155","Bacteria","Firmicutes","Erysipelotrichi","Erysipelotrichales","Erysipelotrichaceae","Eubacterium","biforme"
"OTU156","Bacteria","Firmicutes","Erysipelotrichi","Erysipelotrichales","Erysipelotrichaceae","Eubacterium","cylindroides"
"OTU157","Bacteria","Firmicutes","Erysipelotrichi","Erysipelotrichales","Erysipelotrichaceae","Eubacterium","dolichum"
"OTU158","Bacteria","Firmicutes","Erysipelotrichi","Erysipelotrichales","Erysipelotrichaceae","cc_115","cc_115_unclassified"
"OTU159","Bacteria","Fusobacteria","Fusobacteriia","Fusobacteriales","Fusobacteriaceae","Fusobacterium","Fusobacterium_unclassified"
"OTU160","Bacteria","Fusobacteria","Fusobacteriia","Fusobacteriales","Leptotrichiaceae","Leptotrichiaceae_unclassified","Leptotrichiaceae_unclassified"
"OTU161","Bacteria","Fusobacteria","Fusobacteriia","Fusobacteriales","Leptotrichiaceae","Leptotrichiaceae_unclassified","Leptotrichiaceae_unclassified"
"OTU162","Bacteria","Lentisphaerae","Lentisphaeria","Victivallales","Victivallaceae","Victivallaceae_unclassified","Victivallaceae_unclassified"
"OTU163","Bacteria","Proteobacteria","Alphaproteobacteria","RF32","RF32_unclassified","RF32_unclassified","RF32_unclassified"
"OTU164","Bacteria","Proteobacteria","Alphaproteobacteria","Rhodobacterales","Rhodobacteraceae","Paracoccus","Paracoccus_unclassified"
"OTU165","Bacteria","Proteobacteria","Alphaproteobacteria","Rhodobacterales","Rhodobacteraceae","Rubellimicrobium","Rubellimicrobium_unclassified"
"OTU166","Bacteria","Proteobacteria","Alphaproteobacteria","Sphingomonadales","Erythrobacteraceae","Erythrobacteraceae_unclassified","Erythrobacteraceae_unclassified"
"OTU167","Bacteria","Proteobacteria","Alphaproteobacteria","Sphingomonadales","Sphingomonadaceae","Sphingomonas","Sphingomonas_unclassified"
"OTU168","Bacteria","Proteobacteria","Betaproteobacteria","Burkholderiales","Alcaligenaceae","Alcaligenaceae_unclassified","Alcaligenaceae_unclassified"
"OTU169","Bacteria","Proteobacteria","Betaproteobacteria","Burkholderiales","Alcaligenaceae","Alcaligenaceae_unclassified","Alcaligenaceae_unclassified"
"OTU170","Bacteria","Proteobacteria","Betaproteobacteria","Burkholderiales","Alcaligenaceae","Sutterella","Sutterella_unclassified"
"OTU171","Bacteria","Proteobacteria","Betaproteobacteria","Burkholderiales","Burkholderiaceae","Lautropia","Lautropia_unclassified"
"OTU172","Bacteria","Proteobacteria","Betaproteobacteria","Burkholderiales","Oxalobacteraceae","Oxalobacteraceae_unclassified","Oxalobacteraceae_unclassified"
"OTU173","Bacteria","Proteobacteria","Betaproteobacteria","Burkholderiales","Oxalobacteraceae","Oxalobacter","Oxalobacter_unclassified"
"OTU174","Bacteria","Proteobacteria","Betaproteobacteria","Neisseriales","Neisseriaceae","Neisseriaceae_unclassified","Neisseriaceae_unclassified"
"OTU175","Bacteria","Proteobacteria","Betaproteobacteria","Neisseriales","Neisseriaceae","Neisseria","subflava"
"OTU176","Bacteria","Proteobacteria","Betaproteobacteria","Rhodocyclales","Rhodocyclaceae","Hydrogenophilus","Hydrogenophilus_unclassified"
"OTU177","Bacteria","Proteobacteria","Deltaproteobacteria","Desulfovibrionales","Desulfovibrionaceae","Desulfovibrionaceae_unclassified","Desulfovibrionaceae_unclassified"
"OTU178","Bacteria","Proteobacteria","Deltaproteobacteria","Desulfovibrionales","Desulfovibrionaceae","Bilophila","Bilophila_unclassified"
"OTU179","Bacteria","Proteobacteria","Deltaproteobacteria","Desulfovibrionales","Desulfovibrionaceae","Desulfovibrio","Desulfovibrio_unclassified"
"OTU180","Bacteria","Proteobacteria","Epsilonproteobacteria","Campylobacterales","Campylobacteraceae","Campylobacter","Campylobacter_unclassified"
"OTU181","Bacteria","Proteobacteria","Epsilonproteobacteria","Campylobacterales","Helicobacteraceae","Flexispira","Flexispira_unclassified"
"OTU182","Bacteria","Proteobacteria","Gammaproteobacteria","Aeromonadales","Succinivibrionaceae","Succinivibrio","Succinivibrio_unclassified"
"OTU183","Bacteria","Proteobacteria","Gammaproteobacteria","Enterobacteriales","Enterobacteriaceae","Enterobacteriaceae_unclassified","Enterobacteriaceae_unclassified"
"OTU184","Bacteria","Proteobacteria","Gammaproteobacteria","Enterobacteriales","Enterobacteriaceae","Enterobacteriaceae_unclassified","Enterobacteriaceae_unclassified"
"OTU185","Bacteria","Proteobacteria","Gammaproteobacteria","Enterobacteriales","Enterobacteriaceae","Klebsiella","Klebsiella_unclassified"
"OTU186","Bacteria","Proteobacteria","Gammaproteobacteria","Enterobacteriales","Enterobacteriaceae","Proteus","Proteus_unclassified"
"OTU187","Bacteria","Proteobacteria","Gammaproteobacteria","Enterobacteriales","Enterobacteriaceae","Serratia","Serratia_unclassified"
"OTU188","Bacteria","Proteobacteria","Gammaproteobacteria","Pasteurellales","Pasteurellaceae","Pasteurellaceae_unclassified","Pasteurellaceae_unclassified"
"OTU189","Bacteria","Proteobacteria","Gammaproteobacteria","Pasteurellales","Pasteurellaceae","Haemophilus","parainfluenzae"
"OTU190","Bacteria","Proteobacteria","Gammaproteobacteria","Pseudomonadales","Moraxellaceae","Enhydrobacter","Enhydrobacter_unclassified"
"OTU191","Bacteria","Proteobacteria","Gammaproteobacteria","Pseudomonadales","Pseudomonadaceae","Pseudomonas","Pseudomonas_unclassified"
"OTU192","Bacteria","Proteobacteria","Gammaproteobacteria","Xanthomonadales","Xanthomonadaceae","Stenotrophomonas","Stenotrophomonas_unclassified"
"OTU193","Bacteria","Proteobacteria","Gammaproteobacteria","Xanthomonadales","Xanthomonadaceae","Stenotrophomonas","acidaminiphila"
"OTU194","Bacteria","Spirochaetes","Brachyspirae","Brachyspirales","Brachyspiraceae","Brachyspira","Brachyspira_unclassified"
"OTU195","Bacteria","Synergistetes","Synergistia","Synergistales","Dethiosulfovibrionaceae","Pyramidobacter","piscolens"
"OTU196","Bacteria","Synergistetes","Synergistia","Synergistales","Synergistaceae","Synergistaceae_unclassified","Synergistaceae_unclassified"
"OTU197","Bacteria","TM7","TM7-3","TM7-3_unclassified","TM7-3_unclassified","TM7-3_unclassified","TM7-3_unclassified"
"OTU198","Bacteria","Tenericutes","Mollicutes","Anaeroplasmatales","Anaeroplasmataceae","Anaeroplasmataceae_unclassified","Anaeroplasmataceae_unclassified"
"OTU199","Bacteria","Tenericutes","Mollicutes","RF39","RF39_unclassified","RF39_unclassified","RF39_unclassified"
"OTU200","Bacteria","Tenericutes","RF3","ML615J-28","ML615J-28_unclassified","ML615J-28_unclassified","ML615J-28_unclassified"
"OTU201","Bacteria","Verrucomicrobia","Opitutae","Cerasicoccales","Cerasicoccaceae","Cerasicoccaceae_unclassified","Cerasicoccaceae_unclassified"
"OTU202","Bacteria","Verrucomicrobia","Verrucomicrobiae","Verrucomicrobiales","Verrucomicrobiaceae","Akkermansia","muciniphila"
